L 08/06/2012 - 21:37:59: 0,0
L 08/06/2012 - 21:38:21: 1,0
L 08/06/2012 - 21:38:59: 2,0
L 08/06/2012 - 21:39:21: 3,0
L 08/06/2012 - 21:39:27: 3,0
L 08/06/2012 - 21:39:27: 3,0
L 08/06/2012 - 21:40:26: 3,1
L 08/06/2012 - 21:41:09: 3,2
